터미널에 
open.
cd bin
ls
ls -=arlth
ls -arlth
chmod 755 h2.sh
./h2.sh

-----------------------------------------------------------------------------------------------
hiin@gimhuiyeon-ui-MacBookAir ~ % open .
hiin@gimhuiyeon-ui-MacBookAir ~ % cd h2
hiin@gimhuiyeon-ui-MacBookAir h2 % ll
zsh: command not found: ll
hiin@gimhuiyeon-ui-MacBookAir h2 % cd bin
hiin@gimhuiyeon-ui-MacBookAir bin % 
hiin@gimhuiyeon-ui-MacBookAir bin % 
hiin@gimhuiyeon-ui-MacBookAir bin % ls
h2-2.3.232.jar	h2.bat		h2.sh		h2w.bat
hiin@gimhuiyeon-ui-MacBookAir bin % ls -=arlth
ls: invalid option -- =
usage: ls [-@ABCFGHILOPRSTUWXabcdefghiklmnopqrstuvwxy1%,] [--color=when] [-D format] [file ...]
hiin@gimhuiyeon-ui-MacBookAir bin % ls -arlth
total 5208
-rw-r--r--@ 1 hiin  staff   105B  8 10  2024 h2w.bat
-rwxr-xr-x@ 1 hiin  staff   109B  8 10  2024 h2.sh
-rw-r--r--@ 1 hiin  staff    98B  8 10  2024 h2.bat
-rw-r--r--@ 1 hiin  staff   2.5M  8 10  2024 h2-2.3.232.jar
drwxr-xr-x@ 6 hiin  staff   192B  6 10 13:27 .
drwxr-xr-x@ 9 hiin  staff   288B  6 10 13:27 ..
hiin@gimhuiyeon-ui-MacBookAir bin % 
hiin@gimhuiyeon-ui-MacBookAir bin % 
hiin@gimhuiyeon-ui-MacBookAir bin % 
hiin@gimhuiyeon-ui-MacBookAir bin % chmod 755 h2.sh
hiin@gimhuiyeon-ui-MacBookAir bin % 
hiin@gimhuiyeon-ui-MacBookAir bin % 
hiin@gimhuiyeon-ui-MacBookAir bin % ./h2.sh
-----------------------------------------------------------------------------------------------
http://localhost:8082/login.jsp?jsessionid=2eb538f15638fee1ad17950f1d84fa6c

🔎 연결 후 , 터미널 실행하여 ls -arlth 입력 
   test.mv.db 파일 확인
⭐️ 확인 후, JDBC URL: jdbc:h2:tcp://localhost/~/test 설정 -> 파일을 직접 접근하는것이 아니라 톰캣을 통해 접근

✅ SQL문 작성
📌 테이블 생성
drop table if exists member CASCADE;
create table member
(
   id bigint generated by default as identity,
   name varchar(255),
   primary key (id)
);
📌 값 생성
insert into member(name) values('spring');
insert into member(name) values('spring2');
