í„°ë¯¸ë„ì— 
open.
cd bin
ls
ls -=arlth
ls -arlth
chmod 755 h2.sh
./h2.sh

-----------------------------------------------------------------------------------------------
hiin@gimhuiyeon-ui-MacBookAir ~ % open .
hiin@gimhuiyeon-ui-MacBookAir ~ % cd h2
hiin@gimhuiyeon-ui-MacBookAir h2 % ll
zsh: command not found: ll
hiin@gimhuiyeon-ui-MacBookAir h2 % cd bin
hiin@gimhuiyeon-ui-MacBookAir bin % 
hiin@gimhuiyeon-ui-MacBookAir bin % 
hiin@gimhuiyeon-ui-MacBookAir bin % ls
h2-2.3.232.jar	h2.bat		h2.sh		h2w.bat
hiin@gimhuiyeon-ui-MacBookAir bin % ls -=arlth
ls: invalid option -- =
usage: ls [-@ABCFGHILOPRSTUWXabcdefghiklmnopqrstuvwxy1%,] [--color=when] [-D format] [file ...]
hiin@gimhuiyeon-ui-MacBookAir bin % ls -arlth
total 5208
-rw-r--r--@ 1 hiin  staff   105B  8 10  2024 h2w.bat
-rwxr-xr-x@ 1 hiin  staff   109B  8 10  2024 h2.sh
-rw-r--r--@ 1 hiin  staff    98B  8 10  2024 h2.bat
-rw-r--r--@ 1 hiin  staff   2.5M  8 10  2024 h2-2.3.232.jar
drwxr-xr-x@ 6 hiin  staff   192B  6 10 13:27 .
drwxr-xr-x@ 9 hiin  staff   288B  6 10 13:27 ..
hiin@gimhuiyeon-ui-MacBookAir bin % 
hiin@gimhuiyeon-ui-MacBookAir bin % 
hiin@gimhuiyeon-ui-MacBookAir bin % 
hiin@gimhuiyeon-ui-MacBookAir bin % chmod 755 h2.sh
hiin@gimhuiyeon-ui-MacBookAir bin % 
hiin@gimhuiyeon-ui-MacBookAir bin % 
hiin@gimhuiyeon-ui-MacBookAir bin % ./h2.sh
-----------------------------------------------------------------------------------------------
http://localhost:8082/login.jsp?jsessionid=2eb538f15638fee1ad17950f1d84fa6c

ğŸ” ì—°ê²° í›„ , í„°ë¯¸ë„ ì‹¤í–‰í•˜ì—¬ ls -arlth ì…ë ¥ 
   test.mv.db íŒŒì¼ í™•ì¸
â­ï¸ í™•ì¸ í›„, JDBC URL: jdbc:h2:tcp://localhost/~/test ì„¤ì • -> íŒŒì¼ì„ ì§ì ‘ ì ‘ê·¼í•˜ëŠ”ê²ƒì´ ì•„ë‹ˆë¼ í†°ìº£ì„ í†µí•´ ì ‘ê·¼

âœ… SQLë¬¸ ì‘ì„±
ğŸ“Œ í…Œì´ë¸” ìƒì„±
drop table if exists member CASCADE;
create table member
(
   id bigint generated by default as identity,
   name varchar(255),
   primary key (id)
);
ğŸ“Œ ê°’ ìƒì„±
insert into member(name) values('spring');
insert into member(name) values('spring2');
